{
  "studyId": "TEST-PR",
  "samples": [
    {
      "submitterSampleId": "COLO-829",
      "matchedNormalSubmitterSampleId": "COLO-829-BL",
      "sampleType": "Total DNA",
      "specimen": {
        "submitterSpecimenId": "COLO-829",
        "tumourNormalDesignation": "Tumour",
        "specimenTissueSource": "Blood derived",
        "specimenType": "Cell line - derived from tumour"
      },
      "donor": {
        "gender": "Female",
        "submitterDonorId": "COLO-829"
      }
    }
  ],
  "files": [
    {
      "info": {
        "data_category": "Sequencing Reads"
      },
      "fileName": "COLO-829_ex.bam",
      "fileSize": 4071038,
      "fileType": "BAM",
      "fileMd5sum": "cd0afbe6cb02bd5b0da0b76b50d5b3b7",
      "fileAccess": "controlled",
      "dataType": "Submitted Reads"
    }
  ],
  "analysisType": {
    "name": "sequencing_experiment"
  },
  "experiment": {
    "platform": "ILLUMINA",
    "platform_model": "HiSeq 2000",
    "sequencing_date": "2014-12-12",
    "sequencing_center": "EXT",
    "experimental_strategy": "WXS",
    "submitter_sequencing_experiment_id": "TEST_EXP"
  },
  "read_groups": [
    {
      "file_r1": "COLO-829_ex.bam",
      "file_r2": "COLO-829_ex.bam",
      "insert_size": 298,
      "library_name": "532",
      "is_paired_end": true,
      "platform_unit": "0_6",
      "read_length_r1": 75,
      "read_length_r2": 75,
      "sample_barcode": null,
      "submitter_read_group_id": "2650"
    },
    {
      "file_r1": "COLO-829_ex.bam",
      "file_r2": "COLO-829_ex.bam",
      "insert_size": 298,
      "library_name": "532",
      "is_paired_end": true,
      "platform_unit": "0_4",
      "read_length_r1": 75,
      "read_length_r2": 75,
      "sample_barcode": null,
      "submitter_read_group_id": "2652"
    },
    {
      "file_r1": "COLO-829_ex.bam",
      "file_r2": "COLO-829_ex.bam",
      "insert_size": 298,
      "library_name": "532",
      "is_paired_end": true,
      "platform_unit": "0_1",
      "read_length_r1": 75,
      "read_length_r2": 75,
      "sample_barcode": null,
      "submitter_read_group_id": "2654"
    },
    {
      "file_r1": "COLO-829_ex.bam",
      "file_r2": "COLO-829_ex.bam",
      "insert_size": 298,
      "library_name": "532",
      "is_paired_end": true,
      "platform_unit": "0_3",
      "read_length_r1": 75,
      "read_length_r2": 75,
      "sample_barcode": null,
      "submitter_read_group_id": "2656"
    },
    {
      "file_r1": "COLO-829_ex.bam",
      "file_r2": "COLO-829_ex.bam",
      "insert_size": 298,
      "library_name": "532",
      "is_paired_end": true,
      "platform_unit": "0_7",
      "read_length_r1": 75,
      "read_length_r2": 75,
      "sample_barcode": null,
      "submitter_read_group_id": "2658"
    },
    {
      "file_r1": "COLO-829_ex.bam",
      "file_r2": "COLO-829_ex.bam",
      "insert_size": 298,
      "library_name": "532",
      "is_paired_end": true,
      "platform_unit": "0_2",
      "read_length_r1": 75,
      "read_length_r2": 75,
      "sample_barcode": null,
      "submitter_read_group_id": "2659"
    },
    {
      "file_r1": "COLO-829_ex.bam",
      "file_r2": "COLO-829_ex.bam",
      "insert_size": 298,
      "library_name": "532",
      "is_paired_end": true,
      "platform_unit": "0_5",
      "read_length_r1": 75,
      "read_length_r2": 75,
      "sample_barcode": null,
      "submitter_read_group_id": "2661"
    },
    {
      "file_r1": "COLO-829_ex.bam",
      "file_r2": "COLO-829_ex.bam",
      "insert_size": 298,
      "library_name": "532",
      "is_paired_end": true,
      "platform_unit": "0_6",
      "read_length_r1": 75,
      "read_length_r2": 75,
      "sample_barcode": null,
      "submitter_read_group_id": "2663"
    },
    {
      "file_r1": "COLO-829_ex.bam",
      "file_r2": "COLO-829_ex.bam",
      "insert_size": 298,
      "library_name": "532",
      "is_paired_end": true,
      "platform_unit": "0_4",
      "read_length_r1": 75,
      "read_length_r2": 75,
      "sample_barcode": null,
      "submitter_read_group_id": "2665"
    },
    {
      "file_r1": "COLO-829_ex.bam",
      "file_r2": "COLO-829_ex.bam",
      "insert_size": 298,
      "library_name": "532",
      "is_paired_end": true,
      "platform_unit": "0_1",
      "read_length_r1": 75,
      "read_length_r2": 75,
      "sample_barcode": null,
      "submitter_read_group_id": "2667"
    },
    {
      "file_r1": "COLO-829_ex.bam",
      "file_r2": "COLO-829_ex.bam",
      "insert_size": 298,
      "library_name": "532",
      "is_paired_end": true,
      "platform_unit": "0_3",
      "read_length_r1": 75,
      "read_length_r2": 75,
      "sample_barcode": null,
      "submitter_read_group_id": "2669"
    },
    {
      "file_r1": "COLO-829_ex.bam",
      "file_r2": "COLO-829_ex.bam",
      "insert_size": 298,
      "library_name": "532",
      "is_paired_end": true,
      "platform_unit": "0_7",
      "read_length_r1": 75,
      "read_length_r2": 75,
      "sample_barcode": null,
      "submitter_read_group_id": "2671"
    },
    {
      "file_r1": "COLO-829_ex.bam",
      "file_r2": "COLO-829_ex.bam",
      "insert_size": 298,
      "library_name": "532",
      "is_paired_end": true,
      "platform_unit": "0_2",
      "read_length_r1": 75,
      "read_length_r2": 75,
      "sample_barcode": null,
      "submitter_read_group_id": "2673"
    },
    {
      "file_r1": "COLO-829_ex.bam",
      "file_r2": "COLO-829_ex.bam",
      "insert_size": 298,
      "library_name": "532",
      "is_paired_end": true,
      "platform_unit": "0_5",
      "read_length_r1": 75,
      "read_length_r2": 75,
      "sample_barcode": null,
      "submitter_read_group_id": "2675"
    },
    {
      "file_r1": "COLO-829_ex.bam",
      "file_r2": "COLO-829_ex.bam",
      "insert_size": 298,
      "library_name": "532",
      "is_paired_end": true,
      "platform_unit": "0_8",
      "read_length_r1": 75,
      "read_length_r2": 75,
      "sample_barcode": null,
      "submitter_read_group_id": "2677"
    },
    {
      "file_r1": "COLO-829_ex.bam",
      "file_r2": "COLO-829_ex.bam",
      "insert_size": 298,
      "library_name": "532",
      "is_paired_end": true,
      "platform_unit": "0_6",
      "read_length_r1": 75,
      "read_length_r2": 75,
      "sample_barcode": null,
      "submitter_read_group_id": "2679"
    },
    {
      "file_r1": "COLO-829_ex.bam",
      "file_r2": "COLO-829_ex.bam",
      "insert_size": 298,
      "library_name": "532",
      "is_paired_end": true,
      "platform_unit": "0_4",
      "read_length_r1": 75,
      "read_length_r2": 75,
      "sample_barcode": null,
      "submitter_read_group_id": "2681"
    },
    {
      "file_r1": "COLO-829_ex.bam",
      "file_r2": "COLO-829_ex.bam",
      "insert_size": 298,
      "library_name": "532",
      "is_paired_end": true,
      "platform_unit": "0_3",
      "read_length_r1": 75,
      "read_length_r2": 75,
      "sample_barcode": null,
      "submitter_read_group_id": "2684"
    },
    {
      "file_r1": "COLO-829_ex.bam",
      "file_r2": "COLO-829_ex.bam",
      "insert_size": 298,
      "library_name": "532",
      "is_paired_end": true,
      "platform_unit": "0_7",
      "read_length_r1": 75,
      "read_length_r2": 75,
      "sample_barcode": null,
      "submitter_read_group_id": "2685"
    },
    {
      "file_r1": "COLO-829_ex.bam",
      "file_r2": "COLO-829_ex.bam",
      "insert_size": 298,
      "library_name": "532",
      "is_paired_end": true,
      "platform_unit": "0_2",
      "read_length_r1": 75,
      "read_length_r2": 75,
      "sample_barcode": null,
      "submitter_read_group_id": "2687"
    },
    {
      "file_r1": "COLO-829_ex.bam",
      "file_r2": "COLO-829_ex.bam",
      "insert_size": 298,
      "library_name": "532",
      "is_paired_end": true,
      "platform_unit": "0_6",
      "read_length_r1": 75,
      "read_length_r2": 75,
      "sample_barcode": null,
      "submitter_read_group_id": "2689"
    },
    {
      "file_r1": "COLO-829_ex.bam",
      "file_r2": "COLO-829_ex.bam",
      "insert_size": 298,
      "library_name": "532",
      "is_paired_end": true,
      "platform_unit": "0_3",
      "read_length_r1": 75,
      "read_length_r2": 75,
      "sample_barcode": null,
      "submitter_read_group_id": "2691"
    },
    {
      "file_r1": "COLO-829_ex.bam",
      "file_r2": "COLO-829_ex.bam",
      "insert_size": 298,
      "library_name": "532",
      "is_paired_end": true,
      "platform_unit": "0_7",
      "read_length_r1": 75,
      "read_length_r2": 75,
      "sample_barcode": null,
      "submitter_read_group_id": "2693"
    },
    {
      "file_r1": "COLO-829_ex.bam",
      "file_r2": "COLO-829_ex.bam",
      "insert_size": 298,
      "library_name": "532",
      "is_paired_end": true,
      "platform_unit": "0_2",
      "read_length_r1": 75,
      "read_length_r2": 75,
      "sample_barcode": null,
      "submitter_read_group_id": "2695"
    },
    {
      "file_r1": "COLO-829_ex.bam",
      "file_r2": "COLO-829_ex.bam",
      "insert_size": 298,
      "library_name": "532",
      "is_paired_end": true,
      "platform_unit": "0_8",
      "read_length_r1": 75,
      "read_length_r2": 75,
      "sample_barcode": null,
      "submitter_read_group_id": "2697"
    },
    {
      "file_r1": "COLO-829_ex.bam",
      "file_r2": "COLO-829_ex.bam",
      "insert_size": 298,
      "library_name": "532",
      "is_paired_end": true,
      "platform_unit": "0_1",
      "read_length_r1": 75,
      "read_length_r2": 75,
      "sample_barcode": null,
      "submitter_read_group_id": "2699"
    },
    {
      "file_r1": "COLO-829_ex.bam",
      "file_r2": "COLO-829_ex.bam",
      "insert_size": 298,
      "library_name": "532",
      "is_paired_end": true,
      "platform_unit": "0_4",
      "read_length_r1": 75,
      "read_length_r2": 75,
      "sample_barcode": null,
      "submitter_read_group_id": "2701"
    },
    {
      "file_r1": "COLO-829_ex.bam",
      "file_r2": "COLO-829_ex.bam",
      "insert_size": 298,
      "library_name": "532",
      "is_paired_end": true,
      "platform_unit": "0_5",
      "read_length_r1": 75,
      "read_length_r2": 75,
      "sample_barcode": null,
      "submitter_read_group_id": "2702"
    },
    {
      "file_r1": "COLO-829_ex.bam",
      "file_r2": "COLO-829_ex.bam",
      "insert_size": 298,
      "library_name": "532",
      "is_paired_end": true,
      "platform_unit": "0_6",
      "read_length_r1": 75,
      "read_length_r2": 75,
      "sample_barcode": null,
      "submitter_read_group_id": "2704"
    },
    {
      "file_r1": "COLO-829_ex.bam",
      "file_r2": "COLO-829_ex.bam",
      "insert_size": 298,
      "library_name": "532",
      "is_paired_end": true,
      "platform_unit": "0_3",
      "read_length_r1": 75,
      "read_length_r2": 75,
      "sample_barcode": null,
      "submitter_read_group_id": "2706"
    },
    {
      "file_r1": "COLO-829_ex.bam",
      "file_r2": "COLO-829_ex.bam",
      "insert_size": 298,
      "library_name": "532",
      "is_paired_end": true,
      "platform_unit": "0_7",
      "read_length_r1": 75,
      "read_length_r2": 75,
      "sample_barcode": null,
      "submitter_read_group_id": "2708"
    },
    {
      "file_r1": "COLO-829_ex.bam",
      "file_r2": "COLO-829_ex.bam",
      "insert_size": 298,
      "library_name": "532",
      "is_paired_end": true,
      "platform_unit": "0_2",
      "read_length_r1": 75,
      "read_length_r2": 75,
      "sample_barcode": null,
      "submitter_read_group_id": "2710"
    },
    {
      "file_r1": "COLO-829_ex.bam",
      "file_r2": "COLO-829_ex.bam",
      "insert_size": 298,
      "library_name": "532",
      "is_paired_end": true,
      "platform_unit": "0_8",
      "read_length_r1": 75,
      "read_length_r2": 75,
      "sample_barcode": null,
      "submitter_read_group_id": "2711"
    },
    {
      "file_r1": "COLO-829_ex.bam",
      "file_r2": "COLO-829_ex.bam",
      "insert_size": 298,
      "library_name": "532",
      "is_paired_end": true,
      "platform_unit": "0_1",
      "read_length_r1": 75,
      "read_length_r2": 75,
      "sample_barcode": null,
      "submitter_read_group_id": "2713"
    },
    {
      "file_r1": "COLO-829_ex.bam",
      "file_r2": "COLO-829_ex.bam",
      "insert_size": 298,
      "library_name": "532",
      "is_paired_end": true,
      "platform_unit": "0_4",
      "read_length_r1": 75,
      "read_length_r2": 75,
      "sample_barcode": null,
      "submitter_read_group_id": "2715"
    },
    {
      "file_r1": "COLO-829_ex.bam",
      "file_r2": "COLO-829_ex.bam",
      "insert_size": 298,
      "library_name": "532",
      "is_paired_end": true,
      "platform_unit": "0_5",
      "read_length_r1": 75,
      "read_length_r2": 75,
      "sample_barcode": null,
      "submitter_read_group_id": "2717"
    },
    {
      "file_r1": "COLO-829_ex.bam",
      "file_r2": "COLO-829_ex.bam",
      "insert_size": 298,
      "library_name": "532",
      "is_paired_end": true,
      "platform_unit": "0_6",
      "read_length_r1": 75,
      "read_length_r2": 75,
      "sample_barcode": null,
      "submitter_read_group_id": "2719"
    },
    {
      "file_r1": "COLO-829_ex.bam",
      "file_r2": "COLO-829_ex.bam",
      "insert_size": 298,
      "library_name": "532",
      "is_paired_end": true,
      "platform_unit": "0_3",
      "read_length_r1": 75,
      "read_length_r2": 75,
      "sample_barcode": null,
      "submitter_read_group_id": "2721"
    },
    {
      "file_r1": "COLO-829_ex.bam",
      "file_r2": "COLO-829_ex.bam",
      "insert_size": 298,
      "library_name": "532",
      "is_paired_end": true,
      "platform_unit": "0_7",
      "read_length_r1": 75,
      "read_length_r2": 75,
      "sample_barcode": null,
      "submitter_read_group_id": "2723"
    },
    {
      "file_r1": "COLO-829_ex.bam",
      "file_r2": "COLO-829_ex.bam",
      "insert_size": 298,
      "library_name": "532",
      "is_paired_end": true,
      "platform_unit": "0_2",
      "read_length_r1": 75,
      "read_length_r2": 75,
      "sample_barcode": null,
      "submitter_read_group_id": "2725"
    },
    {
      "file_r1": "COLO-829_ex.bam",
      "file_r2": "COLO-829_ex.bam",
      "insert_size": 298,
      "library_name": "532",
      "is_paired_end": true,
      "platform_unit": "0_8",
      "read_length_r1": 75,
      "read_length_r2": 75,
      "sample_barcode": null,
      "submitter_read_group_id": "2726"
    },
    {
      "file_r1": "COLO-829_ex.bam",
      "file_r2": "COLO-829_ex.bam",
      "insert_size": 298,
      "library_name": "532",
      "is_paired_end": true,
      "platform_unit": "0_1",
      "read_length_r1": 75,
      "read_length_r2": 75,
      "sample_barcode": null,
      "submitter_read_group_id": "2728"
    },
    {
      "file_r1": "COLO-829_ex.bam",
      "file_r2": "COLO-829_ex.bam",
      "insert_size": 298,
      "library_name": "532",
      "is_paired_end": true,
      "platform_unit": "0_4",
      "read_length_r1": 75,
      "read_length_r2": 75,
      "sample_barcode": null,
      "submitter_read_group_id": "2730"
    },
    {
      "file_r1": "COLO-829_ex.bam",
      "file_r2": "COLO-829_ex.bam",
      "insert_size": 298,
      "library_name": "532",
      "is_paired_end": true,
      "platform_unit": "0_5",
      "read_length_r1": 75,
      "read_length_r2": 75,
      "sample_barcode": null,
      "submitter_read_group_id": "2732"
    },
    {
      "file_r1": "COLO-829_ex.bam",
      "file_r2": "COLO-829_ex.bam",
      "insert_size": 298,
      "library_name": "532",
      "is_paired_end": true,
      "platform_unit": "0_6",
      "read_length_r1": 75,
      "read_length_r2": 75,
      "sample_barcode": null,
      "submitter_read_group_id": "2734"
    },
    {
      "file_r1": "COLO-829_ex.bam",
      "file_r2": "COLO-829_ex.bam",
      "insert_size": 298,
      "library_name": "532",
      "is_paired_end": true,
      "platform_unit": "0_1",
      "read_length_r1": 75,
      "read_length_r2": 75,
      "sample_barcode": null,
      "submitter_read_group_id": "2736"
    },
    {
      "file_r1": "COLO-829_ex.bam",
      "file_r2": "COLO-829_ex.bam",
      "insert_size": 298,
      "library_name": "532",
      "is_paired_end": true,
      "platform_unit": "0_7",
      "read_length_r1": 75,
      "read_length_r2": 75,
      "sample_barcode": null,
      "submitter_read_group_id": "2738"
    },
    {
      "file_r1": "COLO-829_ex.bam",
      "file_r2": "COLO-829_ex.bam",
      "insert_size": 298,
      "library_name": "532",
      "is_paired_end": true,
      "platform_unit": "0_2",
      "read_length_r1": 75,
      "read_length_r2": 75,
      "sample_barcode": null,
      "submitter_read_group_id": "2740"
    },
    {
      "file_r1": "COLO-829_ex.bam",
      "file_r2": "COLO-829_ex.bam",
      "insert_size": 298,
      "library_name": "532",
      "is_paired_end": true,
      "platform_unit": "0_5",
      "read_length_r1": 75,
      "read_length_r2": 75,
      "sample_barcode": null,
      "submitter_read_group_id": "2742"
    },
    {
      "file_r1": "COLO-829_ex.bam",
      "file_r2": "COLO-829_ex.bam",
      "insert_size": 298,
      "library_name": "532",
      "is_paired_end": true,
      "platform_unit": "0_8",
      "read_length_r1": 75,
      "read_length_r2": 75,
      "sample_barcode": null,
      "submitter_read_group_id": "2744"
    },
    {
      "file_r1": "COLO-829_ex.bam",
      "file_r2": "COLO-829_ex.bam",
      "insert_size": 298,
      "library_name": "532",
      "is_paired_end": true,
      "platform_unit": "0_6",
      "read_length_r1": 75,
      "read_length_r2": 75,
      "sample_barcode": null,
      "submitter_read_group_id": "2746"
    },
    {
      "file_r1": "COLO-829_ex.bam",
      "file_r2": "COLO-829_ex.bam",
      "insert_size": 298,
      "library_name": "532",
      "is_paired_end": true,
      "platform_unit": "0_1",
      "read_length_r1": 75,
      "read_length_r2": 75,
      "sample_barcode": null,
      "submitter_read_group_id": "2748"
    },
    {
      "file_r1": "COLO-829_ex.bam",
      "file_r2": "COLO-829_ex.bam",
      "insert_size": 298,
      "library_name": "532",
      "is_paired_end": true,
      "platform_unit": "0_3",
      "read_length_r1": 75,
      "read_length_r2": 75,
      "sample_barcode": null,
      "submitter_read_group_id": "2750"
    },
    {
      "file_r1": "COLO-829_ex.bam",
      "file_r2": "COLO-829_ex.bam",
      "insert_size": 298,
      "library_name": "532",
      "is_paired_end": true,
      "platform_unit": "0_7",
      "read_length_r1": 75,
      "read_length_r2": 75,
      "sample_barcode": null,
      "submitter_read_group_id": "2752"
    },
    {
      "file_r1": "COLO-829_ex.bam",
      "file_r2": "COLO-829_ex.bam",
      "insert_size": 298,
      "library_name": "532",
      "is_paired_end": true,
      "platform_unit": "0_2",
      "read_length_r1": 75,
      "read_length_r2": 75,
      "sample_barcode": null,
      "submitter_read_group_id": "2754"
    },
    {
      "file_r1": "COLO-829_ex.bam",
      "file_r2": "COLO-829_ex.bam",
      "insert_size": 298,
      "library_name": "532",
      "is_paired_end": true,
      "platform_unit": "0_5",
      "read_length_r1": 75,
      "read_length_r2": 75,
      "sample_barcode": null,
      "submitter_read_group_id": "2756"
    },
    {
      "file_r1": "COLO-829_ex.bam",
      "file_r2": "COLO-829_ex.bam",
      "insert_size": 298,
      "library_name": "532",
      "is_paired_end": true,
      "platform_unit": "0_6",
      "read_length_r1": 75,
      "read_length_r2": 75,
      "sample_barcode": null,
      "submitter_read_group_id": "2758"
    },
    {
      "file_r1": "COLO-829_ex.bam",
      "file_r2": "COLO-829_ex.bam",
      "insert_size": 298,
      "library_name": "532",
      "is_paired_end": true,
      "platform_unit": "0_1",
      "read_length_r1": 75,
      "read_length_r2": 75,
      "sample_barcode": null,
      "submitter_read_group_id": "2760"
    },
    {
      "file_r1": "COLO-829_ex.bam",
      "file_r2": "COLO-829_ex.bam",
      "insert_size": 298,
      "library_name": "532",
      "is_paired_end": true,
      "platform_unit": "0_2",
      "read_length_r1": 75,
      "read_length_r2": 75,
      "sample_barcode": null,
      "submitter_read_group_id": "2761"
    },
    {
      "file_r1": "COLO-829_ex.bam",
      "file_r2": "COLO-829_ex.bam",
      "insert_size": 298,
      "library_name": "532",
      "is_paired_end": true,
      "platform_unit": "0_6",
      "read_length_r1": 75,
      "read_length_r2": 75,
      "sample_barcode": null,
      "submitter_read_group_id": "2763"
    },
    {
      "file_r1": "COLO-829_ex.bam",
      "file_r2": "COLO-829_ex.bam",
      "insert_size": 298,
      "library_name": "532",
      "is_paired_end": true,
      "platform_unit": "0_3",
      "read_length_r1": 75,
      "read_length_r2": 75,
      "sample_barcode": null,
      "submitter_read_group_id": "2765"
    },
    {
      "file_r1": "COLO-829_ex.bam",
      "file_r2": "COLO-829_ex.bam",
      "insert_size": 298,
      "library_name": "532",
      "is_paired_end": true,
      "platform_unit": "0_7",
      "read_length_r1": 75,
      "read_length_r2": 75,
      "sample_barcode": null,
      "submitter_read_group_id": "2766"
    },
    {
      "file_r1": "COLO-829_ex.bam",
      "file_r2": "COLO-829_ex.bam",
      "insert_size": 298,
      "library_name": "532",
      "is_paired_end": true,
      "platform_unit": "0_2",
      "read_length_r1": 75,
      "read_length_r2": 75,
      "sample_barcode": null,
      "submitter_read_group_id": "2768"
    },
    {
      "file_r1": "COLO-829_ex.bam",
      "file_r2": "COLO-829_ex.bam",
      "insert_size": 298,
      "library_name": "532",
      "is_paired_end": true,
      "platform_unit": "0_8",
      "read_length_r1": 75,
      "read_length_r2": 75,
      "sample_barcode": null,
      "submitter_read_group_id": "2770"
    },
    {
      "file_r1": "COLO-829_ex.bam",
      "file_r2": "COLO-829_ex.bam",
      "insert_size": 298,
      "library_name": "532",
      "is_paired_end": true,
      "platform_unit": "0_1",
      "read_length_r1": 75,
      "read_length_r2": 75,
      "sample_barcode": null,
      "submitter_read_group_id": "2771"
    },
    {
      "file_r1": "COLO-829_ex.bam",
      "file_r2": "COLO-829_ex.bam",
      "insert_size": 298,
      "library_name": "532",
      "is_paired_end": true,
      "platform_unit": "0_4",
      "read_length_r1": 75,
      "read_length_r2": 75,
      "sample_barcode": null,
      "submitter_read_group_id": "2773"
    },
    {
      "file_r1": "COLO-829_ex.bam",
      "file_r2": "COLO-829_ex.bam",
      "insert_size": 298,
      "library_name": "532",
      "is_paired_end": true,
      "platform_unit": "0_5",
      "read_length_r1": 75,
      "read_length_r2": 75,
      "sample_barcode": null,
      "submitter_read_group_id": "2775"
    },
    {
      "file_r1": "COLO-829_ex.bam",
      "file_r2": "COLO-829_ex.bam",
      "insert_size": 298,
      "library_name": "532",
      "is_paired_end": true,
      "platform_unit": "0_6",
      "read_length_r1": 75,
      "read_length_r2": 75,
      "sample_barcode": null,
      "submitter_read_group_id": "2777"
    },
    {
      "file_r1": "COLO-829_ex.bam",
      "file_r2": "COLO-829_ex.bam",
      "insert_size": 298,
      "library_name": "532",
      "is_paired_end": true,
      "platform_unit": "0_3",
      "read_length_r1": 75,
      "read_length_r2": 75,
      "sample_barcode": null,
      "submitter_read_group_id": "2778"
    },
    {
      "file_r1": "COLO-829_ex.bam",
      "file_r2": "COLO-829_ex.bam",
      "insert_size": 298,
      "library_name": "532",
      "is_paired_end": true,
      "platform_unit": "0_7",
      "read_length_r1": 75,
      "read_length_r2": 75,
      "sample_barcode": null,
      "submitter_read_group_id": "2780"
    },
    {
      "file_r1": "COLO-829_ex.bam",
      "file_r2": "COLO-829_ex.bam",
      "insert_size": 298,
      "library_name": "532",
      "is_paired_end": true,
      "platform_unit": "0_2",
      "read_length_r1": 75,
      "read_length_r2": 75,
      "sample_barcode": null,
      "submitter_read_group_id": "2782"
    },
    {
      "file_r1": "COLO-829_ex.bam",
      "file_r2": "COLO-829_ex.bam",
      "insert_size": 298,
      "library_name": "532",
      "is_paired_end": true,
      "platform_unit": "0_8",
      "read_length_r1": 75,
      "read_length_r2": 75,
      "sample_barcode": null,
      "submitter_read_group_id": "2784"
    },
    {
      "file_r1": "COLO-829_ex.bam",
      "file_r2": "COLO-829_ex.bam",
      "insert_size": 298,
      "library_name": "532",
      "is_paired_end": true,
      "platform_unit": "0_1",
      "read_length_r1": 75,
      "read_length_r2": 75,
      "sample_barcode": null,
      "submitter_read_group_id": "2786"
    },
    {
      "file_r1": "COLO-829_ex.bam",
      "file_r2": "COLO-829_ex.bam",
      "insert_size": 298,
      "library_name": "532",
      "is_paired_end": true,
      "platform_unit": "0_4",
      "read_length_r1": 75,
      "read_length_r2": 75,
      "sample_barcode": null,
      "submitter_read_group_id": "2788"
    },
    {
      "file_r1": "COLO-829_ex.bam",
      "file_r2": "COLO-829_ex.bam",
      "insert_size": 298,
      "library_name": "532",
      "is_paired_end": true,
      "platform_unit": "0_5",
      "read_length_r1": 75,
      "read_length_r2": 75,
      "sample_barcode": null,
      "submitter_read_group_id": "2789"
    },
    {
      "file_r1": "COLO-829_ex.bam",
      "file_r2": "COLO-829_ex.bam",
      "insert_size": 298,
      "library_name": "532",
      "is_paired_end": true,
      "platform_unit": "0_8",
      "read_length_r1": 75,
      "read_length_r2": 75,
      "sample_barcode": null,
      "submitter_read_group_id": "2791"
    },
    {
      "file_r1": "COLO-829_ex.bam",
      "file_r2": "COLO-829_ex.bam",
      "insert_size": 298,
      "library_name": "532",
      "is_paired_end": true,
      "platform_unit": "0_6",
      "read_length_r1": 75,
      "read_length_r2": 75,
      "sample_barcode": null,
      "submitter_read_group_id": "2793"
    },
    {
      "file_r1": "COLO-829_ex.bam",
      "file_r2": "COLO-829_ex.bam",
      "insert_size": 298,
      "library_name": "532",
      "is_paired_end": true,
      "platform_unit": "0_1",
      "read_length_r1": 75,
      "read_length_r2": 75,
      "sample_barcode": null,
      "submitter_read_group_id": "2794"
    },
    {
      "file_r1": "COLO-829_ex.bam",
      "file_r2": "COLO-829_ex.bam",
      "insert_size": 298,
      "library_name": "532",
      "is_paired_end": true,
      "platform_unit": "0_3",
      "read_length_r1": 75,
      "read_length_r2": 75,
      "sample_barcode": null,
      "submitter_read_group_id": "2795"
    },
    {
      "file_r1": "COLO-829_ex.bam",
      "file_r2": "COLO-829_ex.bam",
      "insert_size": 298,
      "library_name": "532",
      "is_paired_end": true,
      "platform_unit": "0_7",
      "read_length_r1": 75,
      "read_length_r2": 75,
      "sample_barcode": null,
      "submitter_read_group_id": "2796"
    },
    {
      "file_r1": "COLO-829_ex.bam",
      "file_r2": "COLO-829_ex.bam",
      "insert_size": 298,
      "library_name": "532",
      "is_paired_end": true,
      "platform_unit": "0_2",
      "read_length_r1": 75,
      "read_length_r2": 75,
      "sample_barcode": null,
      "submitter_read_group_id": "2797"
    },
    {
      "file_r1": "COLO-829_ex.bam",
      "file_r2": "COLO-829_ex.bam",
      "insert_size": 298,
      "library_name": "532",
      "is_paired_end": true,
      "platform_unit": "0_6",
      "read_length_r1": 75,
      "read_length_r2": 75,
      "sample_barcode": null,
      "submitter_read_group_id": "2798"
    },
    {
      "file_r1": "COLO-829_ex.bam",
      "file_r2": "COLO-829_ex.bam",
      "insert_size": 298,
      "library_name": "532",
      "is_paired_end": true,
      "platform_unit": "0_3",
      "read_length_r1": 75,
      "read_length_r2": 75,
      "sample_barcode": null,
      "submitter_read_group_id": "2799"
    },
    {
      "file_r1": "COLO-829_ex.bam",
      "file_r2": "COLO-829_ex.bam",
      "insert_size": 298,
      "library_name": "532",
      "is_paired_end": true,
      "platform_unit": "0_7",
      "read_length_r1": 75,
      "read_length_r2": 75,
      "sample_barcode": null,
      "submitter_read_group_id": "2800"
    },
    {
      "file_r1": "COLO-829_ex.bam",
      "file_r2": "COLO-829_ex.bam",
      "insert_size": 298,
      "library_name": "532",
      "is_paired_end": true,
      "platform_unit": "0_2",
      "read_length_r1": 75,
      "read_length_r2": 75,
      "sample_barcode": null,
      "submitter_read_group_id": "2801"
    },
    {
      "file_r1": "COLO-829_ex.bam",
      "file_r2": "COLO-829_ex.bam",
      "insert_size": 298,
      "library_name": "532",
      "is_paired_end": true,
      "platform_unit": "0_8",
      "read_length_r1": 75,
      "read_length_r2": 75,
      "sample_barcode": null,
      "submitter_read_group_id": "2802"
    },
    {
      "file_r1": "COLO-829_ex.bam",
      "file_r2": "COLO-829_ex.bam",
      "insert_size": 298,
      "library_name": "532",
      "is_paired_end": true,
      "platform_unit": "0_1",
      "read_length_r1": 75,
      "read_length_r2": 75,
      "sample_barcode": null,
      "submitter_read_group_id": "2803"
    },
    {
      "file_r1": "COLO-829_ex.bam",
      "file_r2": "COLO-829_ex.bam",
      "insert_size": 298,
      "library_name": "532",
      "is_paired_end": true,
      "platform_unit": "0_4",
      "read_length_r1": 75,
      "read_length_r2": 75,
      "sample_barcode": null,
      "submitter_read_group_id": "2804"
    },
    {
      "file_r1": "COLO-829_ex.bam",
      "file_r2": "COLO-829_ex.bam",
      "insert_size": 298,
      "library_name": "532",
      "is_paired_end": true,
      "platform_unit": "0_5",
      "read_length_r1": 75,
      "read_length_r2": 75,
      "sample_barcode": null,
      "submitter_read_group_id": "2805"
    },
    {
      "file_r1": "COLO-829_ex.bam",
      "file_r2": "COLO-829_ex.bam",
      "insert_size": 298,
      "library_name": "532",
      "is_paired_end": true,
      "platform_unit": "0_4",
      "read_length_r1": 75,
      "read_length_r2": 75,
      "sample_barcode": null,
      "submitter_read_group_id": "2806"
    },
    {
      "file_r1": "COLO-829_ex.bam",
      "file_r2": "COLO-829_ex.bam",
      "insert_size": 298,
      "library_name": "532",
      "is_paired_end": true,
      "platform_unit": "0_1",
      "read_length_r1": 75,
      "read_length_r2": 75,
      "sample_barcode": null,
      "submitter_read_group_id": "2807"
    },
    {
      "file_r1": "COLO-829_ex.bam",
      "file_r2": "COLO-829_ex.bam",
      "insert_size": 298,
      "library_name": "532",
      "is_paired_end": true,
      "platform_unit": "0_3",
      "read_length_r1": 75,
      "read_length_r2": 75,
      "sample_barcode": null,
      "submitter_read_group_id": "2808"
    },
    {
      "file_r1": "COLO-829_ex.bam",
      "file_r2": "COLO-829_ex.bam",
      "insert_size": 298,
      "library_name": "532",
      "is_paired_end": true,
      "platform_unit": "0_2",
      "read_length_r1": 75,
      "read_length_r2": 75,
      "sample_barcode": null,
      "submitter_read_group_id": "2809"
    },
    {
      "file_r1": "COLO-829_ex.bam",
      "file_r2": "COLO-829_ex.bam",
      "insert_size": 298,
      "library_name": "COLO-829",
      "is_paired_end": true,
      "platform_unit": "SC",
      "read_length_r1": 75,
      "read_length_r2": 75,
      "sample_barcode": null,
      "submitter_read_group_id": "76"
    },
    {
      "file_r1": "COLO-829_ex.bam",
      "file_r2": "COLO-829_ex.bam",
      "insert_size": 298,
      "library_name": "COLO-829",
      "is_paired_end": true,
      "platform_unit": "SC",
      "read_length_r1": 75,
      "read_length_r2": 75,
      "sample_barcode": null,
      "submitter_read_group_id": "77"
    },
    {
      "file_r1": "COLO-829_ex.bam",
      "file_r2": "COLO-829_ex.bam",
      "insert_size": 298,
      "library_name": "COLO-829",
      "is_paired_end": true,
      "platform_unit": "SC",
      "read_length_r1": 75,
      "read_length_r2": 75,
      "sample_barcode": null,
      "submitter_read_group_id": "78"
    },
    {
      "file_r1": "COLO-829_ex.bam",
      "file_r2": "COLO-829_ex.bam",
      "insert_size": 298,
      "library_name": "COLO-829",
      "is_paired_end": true,
      "platform_unit": "SC",
      "read_length_r1": 75,
      "read_length_r2": 75,
      "sample_barcode": null,
      "submitter_read_group_id": "81"
    },
    {
      "file_r1": "COLO-829_ex.bam",
      "file_r2": "COLO-829_ex.bam",
      "insert_size": 298,
      "library_name": "COLO-829",
      "is_paired_end": true,
      "platform_unit": "SC",
      "read_length_r1": 75,
      "read_length_r2": 75,
      "sample_barcode": null,
      "submitter_read_group_id": "994"
    },
    {
      "file_r1": "COLO-829_ex.bam",
      "file_r2": "COLO-829_ex.bam",
      "insert_size": 298,
      "library_name": "COLO-829",
      "is_paired_end": true,
      "platform_unit": "SC",
      "read_length_r1": 75,
      "read_length_r2": 75,
      "sample_barcode": null,
      "submitter_read_group_id": "995"
    },
    {
      "file_r1": "COLO-829_ex.bam",
      "file_r2": "COLO-829_ex.bam",
      "insert_size": 298,
      "library_name": "COLO-829",
      "is_paired_end": true,
      "platform_unit": "SC",
      "read_length_r1": 75,
      "read_length_r2": 75,
      "sample_barcode": null,
      "submitter_read_group_id": "996"
    },
    {
      "file_r1": "COLO-829_ex.bam",
      "file_r2": "COLO-829_ex.bam",
      "insert_size": 298,
      "library_name": "COLO-829",
      "is_paired_end": true,
      "platform_unit": "SC",
      "read_length_r1": 75,
      "read_length_r2": 75,
      "sample_barcode": null,
      "submitter_read_group_id": "997"
    },
    {
      "file_r1": "COLO-829_ex.bam",
      "file_r2": "COLO-829_ex.bam",
      "insert_size": 298,
      "library_name": "COLO-829",
      "is_paired_end": true,
      "platform_unit": "SC",
      "read_length_r1": 75,
      "read_length_r2": 75,
      "sample_barcode": null,
      "submitter_read_group_id": "998"
    },
    {
      "file_r1": "COLO-829_ex.bam",
      "file_r2": "COLO-829_ex.bam",
      "insert_size": 298,
      "library_name": "COLO-829",
      "is_paired_end": true,
      "platform_unit": "SC",
      "read_length_r1": 75,
      "read_length_r2": 75,
      "sample_barcode": null,
      "submitter_read_group_id": "999"
    }
  ],
  "read_group_count": 103
}