{
  "studyId": "TEST-PR",
  "samples": [
    {
      "submitterSampleId": "COLO-829-BL",
      "matchedNormalSubmitterSampleId": null,
      "sampleType": "Total DNA",
      "specimen": {
        "submitterSpecimenId": "COLO-829-BL",
        "tumourNormalDesignation": "Normal",
        "specimenTissueSource": "Blood derived",
        "specimenType": "Normal"
      },
      "donor": {
        "gender": "Female",
        "submitterDonorId": "COLO-829"
      }
    }
  ],
  "files": [
    {
      "info": {
        "data_category": "Sequencing Reads"
      },
      "fileName": "COLO-829-BL_ex.bam",
      "fileSize": 2951856,
      "fileType": "BAM",
      "fileMd5sum": "69426aaad85e2aed435d3271af6bf828",
      "fileAccess": "controlled",
      "dataType": "Submitted Reads"
    }
  ],
  "analysisType": {
    "name": "sequencing_experiment"
  },
  "experiment": {
    "platform": "ILLUMINA",
    "platform_model": "HiSeq 2000",
    "sequencing_date": "2014-12-12",
    "sequencing_center": "EXT",
    "experimental_strategy": "WXS",
    "submitter_sequencing_experiment_id": "TEST_EXP"
  },
  "read_groups": [
    {
      "file_r1": "COLO-829-BL_ex.bam",
      "file_r2": "COLO-829-BL_ex.bam",
      "insert_size": 298,
      "library_name": "531",
      "is_paired_end": true,
      "platform_unit": "0_6",
      "read_length_r1": 75,
      "read_length_r2": 75,
      "sample_barcode": null,
      "submitter_read_group_id": "2649"
    },
    {
      "file_r1": "COLO-829-BL_ex.bam",
      "file_r2": "COLO-829-BL_ex.bam",
      "insert_size": 298,
      "library_name": "531",
      "is_paired_end": true,
      "platform_unit": "0_3",
      "read_length_r1": 75,
      "read_length_r2": 75,
      "sample_barcode": null,
      "submitter_read_group_id": "2651"
    },
    {
      "file_r1": "COLO-829-BL_ex.bam",
      "file_r2": "COLO-829-BL_ex.bam",
      "insert_size": 298,
      "library_name": "531",
      "is_paired_end": true,
      "platform_unit": "0_7",
      "read_length_r1": 75,
      "read_length_r2": 75,
      "sample_barcode": null,
      "submitter_read_group_id": "2653"
    },
    {
      "file_r1": "COLO-829-BL_ex.bam",
      "file_r2": "COLO-829-BL_ex.bam",
      "insert_size": 298,
      "library_name": "531",
      "is_paired_end": true,
      "platform_unit": "0_2",
      "read_length_r1": 75,
      "read_length_r2": 75,
      "sample_barcode": null,
      "submitter_read_group_id": "2655"
    },
    {
      "file_r1": "COLO-829-BL_ex.bam",
      "file_r2": "COLO-829-BL_ex.bam",
      "insert_size": 298,
      "library_name": "531",
      "is_paired_end": true,
      "platform_unit": "0_8",
      "read_length_r1": 75,
      "read_length_r2": 75,
      "sample_barcode": null,
      "submitter_read_group_id": "2657"
    },
    {
      "file_r1": "COLO-829-BL_ex.bam",
      "file_r2": "COLO-829-BL_ex.bam",
      "insert_size": 298,
      "library_name": "531",
      "is_paired_end": true,
      "platform_unit": "0_1",
      "read_length_r1": 75,
      "read_length_r2": 75,
      "sample_barcode": null,
      "submitter_read_group_id": "2660"
    },
    {
      "file_r1": "COLO-829-BL_ex.bam",
      "file_r2": "COLO-829-BL_ex.bam",
      "insert_size": 298,
      "library_name": "531",
      "is_paired_end": true,
      "platform_unit": "0_4",
      "read_length_r1": 75,
      "read_length_r2": 75,
      "sample_barcode": null,
      "submitter_read_group_id": "2662"
    },
    {
      "file_r1": "COLO-829-BL_ex.bam",
      "file_r2": "COLO-829-BL_ex.bam",
      "insert_size": 298,
      "library_name": "531",
      "is_paired_end": true,
      "platform_unit": "0_5",
      "read_length_r1": 75,
      "read_length_r2": 75,
      "sample_barcode": null,
      "submitter_read_group_id": "2664"
    },
    {
      "file_r1": "COLO-829-BL_ex.bam",
      "file_r2": "COLO-829-BL_ex.bam",
      "insert_size": 298,
      "library_name": "531",
      "is_paired_end": true,
      "platform_unit": "0_8",
      "read_length_r1": 75,
      "read_length_r2": 75,
      "sample_barcode": null,
      "submitter_read_group_id": "2666"
    },
    {
      "file_r1": "COLO-829-BL_ex.bam",
      "file_r2": "COLO-829-BL_ex.bam",
      "insert_size": 298,
      "library_name": "531",
      "is_paired_end": true,
      "platform_unit": "0_6",
      "read_length_r1": 75,
      "read_length_r2": 75,
      "sample_barcode": null,
      "submitter_read_group_id": "2668"
    },
    {
      "file_r1": "COLO-829-BL_ex.bam",
      "file_r2": "COLO-829-BL_ex.bam",
      "insert_size": 298,
      "library_name": "531",
      "is_paired_end": true,
      "platform_unit": "0_1",
      "read_length_r1": 75,
      "read_length_r2": 75,
      "sample_barcode": null,
      "submitter_read_group_id": "2670"
    },
    {
      "file_r1": "COLO-829-BL_ex.bam",
      "file_r2": "COLO-829-BL_ex.bam",
      "insert_size": 298,
      "library_name": "531",
      "is_paired_end": true,
      "platform_unit": "0_7",
      "read_length_r1": 75,
      "read_length_r2": 75,
      "sample_barcode": null,
      "submitter_read_group_id": "2672"
    },
    {
      "file_r1": "COLO-829-BL_ex.bam",
      "file_r2": "COLO-829-BL_ex.bam",
      "insert_size": 298,
      "library_name": "531",
      "is_paired_end": true,
      "platform_unit": "0_5",
      "read_length_r1": 75,
      "read_length_r2": 75,
      "sample_barcode": null,
      "submitter_read_group_id": "2674"
    },
    {
      "file_r1": "COLO-829-BL_ex.bam",
      "file_r2": "COLO-829-BL_ex.bam",
      "insert_size": 298,
      "library_name": "531",
      "is_paired_end": true,
      "platform_unit": "0_1",
      "read_length_r1": 75,
      "read_length_r2": 75,
      "sample_barcode": null,
      "submitter_read_group_id": "2676"
    },
    {
      "file_r1": "COLO-829-BL_ex.bam",
      "file_r2": "COLO-829-BL_ex.bam",
      "insert_size": 298,
      "library_name": "531",
      "is_paired_end": true,
      "platform_unit": "0_2",
      "read_length_r1": 75,
      "read_length_r2": 75,
      "sample_barcode": null,
      "submitter_read_group_id": "2678"
    },
    {
      "file_r1": "COLO-829-BL_ex.bam",
      "file_r2": "COLO-829-BL_ex.bam",
      "insert_size": 298,
      "library_name": "531",
      "is_paired_end": true,
      "platform_unit": "0_8",
      "read_length_r1": 75,
      "read_length_r2": 75,
      "sample_barcode": null,
      "submitter_read_group_id": "2680"
    },
    {
      "file_r1": "COLO-829-BL_ex.bam",
      "file_r2": "COLO-829-BL_ex.bam",
      "insert_size": 298,
      "library_name": "531",
      "is_paired_end": true,
      "platform_unit": "0_6",
      "read_length_r1": 75,
      "read_length_r2": 75,
      "sample_barcode": null,
      "submitter_read_group_id": "2683"
    },
    {
      "file_r1": "COLO-829-BL_ex.bam",
      "file_r2": "COLO-829-BL_ex.bam",
      "insert_size": 298,
      "library_name": "531",
      "is_paired_end": true,
      "platform_unit": "0_4",
      "read_length_r1": 75,
      "read_length_r2": 75,
      "sample_barcode": null,
      "submitter_read_group_id": "2686"
    },
    {
      "file_r1": "COLO-829-BL_ex.bam",
      "file_r2": "COLO-829-BL_ex.bam",
      "insert_size": 298,
      "library_name": "531",
      "is_paired_end": true,
      "platform_unit": "0_3",
      "read_length_r1": 75,
      "read_length_r2": 75,
      "sample_barcode": null,
      "submitter_read_group_id": "2688"
    },
    {
      "file_r1": "COLO-829-BL_ex.bam",
      "file_r2": "COLO-829-BL_ex.bam",
      "insert_size": 298,
      "library_name": "531",
      "is_paired_end": true,
      "platform_unit": "0_7",
      "read_length_r1": 75,
      "read_length_r2": 75,
      "sample_barcode": null,
      "submitter_read_group_id": "2690"
    },
    {
      "file_r1": "COLO-829-BL_ex.bam",
      "file_r2": "COLO-829-BL_ex.bam",
      "insert_size": 298,
      "library_name": "531",
      "is_paired_end": true,
      "platform_unit": "0_2",
      "read_length_r1": 75,
      "read_length_r2": 75,
      "sample_barcode": null,
      "submitter_read_group_id": "2692"
    },
    {
      "file_r1": "COLO-829-BL_ex.bam",
      "file_r2": "COLO-829-BL_ex.bam",
      "insert_size": 298,
      "library_name": "531",
      "is_paired_end": true,
      "platform_unit": "0_5",
      "read_length_r1": 75,
      "read_length_r2": 75,
      "sample_barcode": null,
      "submitter_read_group_id": "2694"
    },
    {
      "file_r1": "COLO-829-BL_ex.bam",
      "file_r2": "COLO-829-BL_ex.bam",
      "insert_size": 298,
      "library_name": "531",
      "is_paired_end": true,
      "platform_unit": "0_8",
      "read_length_r1": 75,
      "read_length_r2": 75,
      "sample_barcode": null,
      "submitter_read_group_id": "2696"
    },
    {
      "file_r1": "COLO-829-BL_ex.bam",
      "file_r2": "COLO-829-BL_ex.bam",
      "insert_size": 298,
      "library_name": "531",
      "is_paired_end": true,
      "platform_unit": "0_6",
      "read_length_r1": 75,
      "read_length_r2": 75,
      "sample_barcode": null,
      "submitter_read_group_id": "2698"
    },
    {
      "file_r1": "COLO-829-BL_ex.bam",
      "file_r2": "COLO-829-BL_ex.bam",
      "insert_size": 298,
      "library_name": "531",
      "is_paired_end": true,
      "platform_unit": "0_4",
      "read_length_r1": 75,
      "read_length_r2": 75,
      "sample_barcode": null,
      "submitter_read_group_id": "2700"
    },
    {
      "file_r1": "COLO-829-BL_ex.bam",
      "file_r2": "COLO-829-BL_ex.bam",
      "insert_size": 298,
      "library_name": "531",
      "is_paired_end": true,
      "platform_unit": "0_3",
      "read_length_r1": 75,
      "read_length_r2": 75,
      "sample_barcode": null,
      "submitter_read_group_id": "2703"
    },
    {
      "file_r1": "COLO-829-BL_ex.bam",
      "file_r2": "COLO-829-BL_ex.bam",
      "insert_size": 298,
      "library_name": "531",
      "is_paired_end": true,
      "platform_unit": "0_7",
      "read_length_r1": 75,
      "read_length_r2": 75,
      "sample_barcode": null,
      "submitter_read_group_id": "2705"
    },
    {
      "file_r1": "COLO-829-BL_ex.bam",
      "file_r2": "COLO-829-BL_ex.bam",
      "insert_size": 298,
      "library_name": "531",
      "is_paired_end": true,
      "platform_unit": "0_2",
      "read_length_r1": 75,
      "read_length_r2": 75,
      "sample_barcode": null,
      "submitter_read_group_id": "2707"
    },
    {
      "file_r1": "COLO-829-BL_ex.bam",
      "file_r2": "COLO-829-BL_ex.bam",
      "insert_size": 298,
      "library_name": "531",
      "is_paired_end": true,
      "platform_unit": "0_5",
      "read_length_r1": 75,
      "read_length_r2": 75,
      "sample_barcode": null,
      "submitter_read_group_id": "2709"
    },
    {
      "file_r1": "COLO-829-BL_ex.bam",
      "file_r2": "COLO-829-BL_ex.bam",
      "insert_size": 298,
      "library_name": "531",
      "is_paired_end": true,
      "platform_unit": "0_6",
      "read_length_r1": 75,
      "read_length_r2": 75,
      "sample_barcode": null,
      "submitter_read_group_id": "2712"
    },
    {
      "file_r1": "COLO-829-BL_ex.bam",
      "file_r2": "COLO-829-BL_ex.bam",
      "insert_size": 298,
      "library_name": "531",
      "is_paired_end": true,
      "platform_unit": "0_3",
      "read_length_r1": 75,
      "read_length_r2": 75,
      "sample_barcode": null,
      "submitter_read_group_id": "2714"
    },
    {
      "file_r1": "COLO-829-BL_ex.bam",
      "file_r2": "COLO-829-BL_ex.bam",
      "insert_size": 298,
      "library_name": "531",
      "is_paired_end": true,
      "platform_unit": "0_7",
      "read_length_r1": 75,
      "read_length_r2": 75,
      "sample_barcode": null,
      "submitter_read_group_id": "2716"
    },
    {
      "file_r1": "COLO-829-BL_ex.bam",
      "file_r2": "COLO-829-BL_ex.bam",
      "insert_size": 298,
      "library_name": "531",
      "is_paired_end": true,
      "platform_unit": "0_2",
      "read_length_r1": 75,
      "read_length_r2": 75,
      "sample_barcode": null,
      "submitter_read_group_id": "2718"
    },
    {
      "file_r1": "COLO-829-BL_ex.bam",
      "file_r2": "COLO-829-BL_ex.bam",
      "insert_size": 298,
      "library_name": "531",
      "is_paired_end": true,
      "platform_unit": "0_8",
      "read_length_r1": 75,
      "read_length_r2": 75,
      "sample_barcode": null,
      "submitter_read_group_id": "2720"
    },
    {
      "file_r1": "COLO-829-BL_ex.bam",
      "file_r2": "COLO-829-BL_ex.bam",
      "insert_size": 298,
      "library_name": "531",
      "is_paired_end": true,
      "platform_unit": "0_1",
      "read_length_r1": 75,
      "read_length_r2": 75,
      "sample_barcode": null,
      "submitter_read_group_id": "2722"
    },
    {
      "file_r1": "COLO-829-BL_ex.bam",
      "file_r2": "COLO-829-BL_ex.bam",
      "insert_size": 298,
      "library_name": "531",
      "is_paired_end": true,
      "platform_unit": "0_4",
      "read_length_r1": 75,
      "read_length_r2": 75,
      "sample_barcode": null,
      "submitter_read_group_id": "2724"
    },
    {
      "file_r1": "COLO-829-BL_ex.bam",
      "file_r2": "COLO-829-BL_ex.bam",
      "insert_size": 298,
      "library_name": "531",
      "is_paired_end": true,
      "platform_unit": "0_5",
      "read_length_r1": 75,
      "read_length_r2": 75,
      "sample_barcode": null,
      "submitter_read_group_id": "2727"
    },
    {
      "file_r1": "COLO-829-BL_ex.bam",
      "file_r2": "COLO-829-BL_ex.bam",
      "insert_size": 298,
      "library_name": "531",
      "is_paired_end": true,
      "platform_unit": "0_6",
      "read_length_r1": 75,
      "read_length_r2": 75,
      "sample_barcode": null,
      "submitter_read_group_id": "2729"
    },
    {
      "file_r1": "COLO-829-BL_ex.bam",
      "file_r2": "COLO-829-BL_ex.bam",
      "insert_size": 298,
      "library_name": "531",
      "is_paired_end": true,
      "platform_unit": "0_3",
      "read_length_r1": 75,
      "read_length_r2": 75,
      "sample_barcode": null,
      "submitter_read_group_id": "2731"
    },
    {
      "file_r1": "COLO-829-BL_ex.bam",
      "file_r2": "COLO-829-BL_ex.bam",
      "insert_size": 298,
      "library_name": "531",
      "is_paired_end": true,
      "platform_unit": "0_7",
      "read_length_r1": 75,
      "read_length_r2": 75,
      "sample_barcode": null,
      "submitter_read_group_id": "2733"
    },
    {
      "file_r1": "COLO-829-BL_ex.bam",
      "file_r2": "COLO-829-BL_ex.bam",
      "insert_size": 298,
      "library_name": "531",
      "is_paired_end": true,
      "platform_unit": "0_2",
      "read_length_r1": 75,
      "read_length_r2": 75,
      "sample_barcode": null,
      "submitter_read_group_id": "2735"
    },
    {
      "file_r1": "COLO-829-BL_ex.bam",
      "file_r2": "COLO-829-BL_ex.bam",
      "insert_size": 298,
      "library_name": "531",
      "is_paired_end": true,
      "platform_unit": "0_8",
      "read_length_r1": 75,
      "read_length_r2": 75,
      "sample_barcode": null,
      "submitter_read_group_id": "2737"
    },
    {
      "file_r1": "COLO-829-BL_ex.bam",
      "file_r2": "COLO-829-BL_ex.bam",
      "insert_size": 298,
      "library_name": "531",
      "is_paired_end": true,
      "platform_unit": "0_1",
      "read_length_r1": 75,
      "read_length_r2": 75,
      "sample_barcode": null,
      "submitter_read_group_id": "2739"
    },
    {
      "file_r1": "COLO-829-BL_ex.bam",
      "file_r2": "COLO-829-BL_ex.bam",
      "insert_size": 298,
      "library_name": "531",
      "is_paired_end": true,
      "platform_unit": "0_4",
      "read_length_r1": 75,
      "read_length_r2": 75,
      "sample_barcode": null,
      "submitter_read_group_id": "2741"
    },
    {
      "file_r1": "COLO-829-BL_ex.bam",
      "file_r2": "COLO-829-BL_ex.bam",
      "insert_size": 298,
      "library_name": "531",
      "is_paired_end": true,
      "platform_unit": "0_5",
      "read_length_r1": 75,
      "read_length_r2": 75,
      "sample_barcode": null,
      "submitter_read_group_id": "2743"
    },
    {
      "file_r1": "COLO-829-BL_ex.bam",
      "file_r2": "COLO-829-BL_ex.bam",
      "insert_size": 298,
      "library_name": "531",
      "is_paired_end": true,
      "platform_unit": "0_6",
      "read_length_r1": 75,
      "read_length_r2": 75,
      "sample_barcode": null,
      "submitter_read_group_id": "2745"
    },
    {
      "file_r1": "COLO-829-BL_ex.bam",
      "file_r2": "COLO-829-BL_ex.bam",
      "insert_size": 298,
      "library_name": "531",
      "is_paired_end": true,
      "platform_unit": "0_3",
      "read_length_r1": 75,
      "read_length_r2": 75,
      "sample_barcode": null,
      "submitter_read_group_id": "2747"
    },
    {
      "file_r1": "COLO-829-BL_ex.bam",
      "file_r2": "COLO-829-BL_ex.bam",
      "insert_size": 298,
      "library_name": "531",
      "is_paired_end": true,
      "platform_unit": "0_7",
      "read_length_r1": 75,
      "read_length_r2": 75,
      "sample_barcode": null,
      "submitter_read_group_id": "2749"
    },
    {
      "file_r1": "COLO-829-BL_ex.bam",
      "file_r2": "COLO-829-BL_ex.bam",
      "insert_size": 298,
      "library_name": "531",
      "is_paired_end": true,
      "platform_unit": "0_2",
      "read_length_r1": 75,
      "read_length_r2": 75,
      "sample_barcode": null,
      "submitter_read_group_id": "2751"
    },
    {
      "file_r1": "COLO-829-BL_ex.bam",
      "file_r2": "COLO-829-BL_ex.bam",
      "insert_size": 298,
      "library_name": "531",
      "is_paired_end": true,
      "platform_unit": "0_8",
      "read_length_r1": 75,
      "read_length_r2": 75,
      "sample_barcode": null,
      "submitter_read_group_id": "2753"
    },
    {
      "file_r1": "COLO-829-BL_ex.bam",
      "file_r2": "COLO-829-BL_ex.bam",
      "insert_size": 298,
      "library_name": "531",
      "is_paired_end": true,
      "platform_unit": "0_1",
      "read_length_r1": 75,
      "read_length_r2": 75,
      "sample_barcode": null,
      "submitter_read_group_id": "2755"
    },
    {
      "file_r1": "COLO-829-BL_ex.bam",
      "file_r2": "COLO-829-BL_ex.bam",
      "insert_size": 298,
      "library_name": "531",
      "is_paired_end": true,
      "platform_unit": "0_4",
      "read_length_r1": 75,
      "read_length_r2": 75,
      "sample_barcode": null,
      "submitter_read_group_id": "2757"
    },
    {
      "file_r1": "COLO-829-BL_ex.bam",
      "file_r2": "COLO-829-BL_ex.bam",
      "insert_size": 298,
      "library_name": "531",
      "is_paired_end": true,
      "platform_unit": "0_5",
      "read_length_r1": 75,
      "read_length_r2": 75,
      "sample_barcode": null,
      "submitter_read_group_id": "2759"
    },
    {
      "file_r1": "COLO-829-BL_ex.bam",
      "file_r2": "COLO-829-BL_ex.bam",
      "insert_size": 298,
      "library_name": "531",
      "is_paired_end": true,
      "platform_unit": "0_6",
      "read_length_r1": 75,
      "read_length_r2": 75,
      "sample_barcode": null,
      "submitter_read_group_id": "2762"
    },
    {
      "file_r1": "COLO-829-BL_ex.bam",
      "file_r2": "COLO-829-BL_ex.bam",
      "insert_size": 298,
      "library_name": "531",
      "is_paired_end": true,
      "platform_unit": "0_3",
      "read_length_r1": 75,
      "read_length_r2": 75,
      "sample_barcode": null,
      "submitter_read_group_id": "2764"
    },
    {
      "file_r1": "COLO-829-BL_ex.bam",
      "file_r2": "COLO-829-BL_ex.bam",
      "insert_size": 298,
      "library_name": "531",
      "is_paired_end": true,
      "platform_unit": "0_7",
      "read_length_r1": 75,
      "read_length_r2": 75,
      "sample_barcode": null,
      "submitter_read_group_id": "2767"
    },
    {
      "file_r1": "COLO-829-BL_ex.bam",
      "file_r2": "COLO-829-BL_ex.bam",
      "insert_size": 298,
      "library_name": "531",
      "is_paired_end": true,
      "platform_unit": "0_2",
      "read_length_r1": 75,
      "read_length_r2": 75,
      "sample_barcode": null,
      "submitter_read_group_id": "2769"
    },
    {
      "file_r1": "COLO-829-BL_ex.bam",
      "file_r2": "COLO-829-BL_ex.bam",
      "insert_size": 298,
      "library_name": "531",
      "is_paired_end": true,
      "platform_unit": "0_8",
      "read_length_r1": 75,
      "read_length_r2": 75,
      "sample_barcode": null,
      "submitter_read_group_id": "2772"
    },
    {
      "file_r1": "COLO-829-BL_ex.bam",
      "file_r2": "COLO-829-BL_ex.bam",
      "insert_size": 298,
      "library_name": "531",
      "is_paired_end": true,
      "platform_unit": "0_1",
      "read_length_r1": 75,
      "read_length_r2": 75,
      "sample_barcode": null,
      "submitter_read_group_id": "2774"
    },
    {
      "file_r1": "COLO-829-BL_ex.bam",
      "file_r2": "COLO-829-BL_ex.bam",
      "insert_size": 298,
      "library_name": "531",
      "is_paired_end": true,
      "platform_unit": "0_4",
      "read_length_r1": 75,
      "read_length_r2": 75,
      "sample_barcode": null,
      "submitter_read_group_id": "2776"
    },
    {
      "file_r1": "COLO-829-BL_ex.bam",
      "file_r2": "COLO-829-BL_ex.bam",
      "insert_size": 298,
      "library_name": "531",
      "is_paired_end": true,
      "platform_unit": "0_5",
      "read_length_r1": 75,
      "read_length_r2": 75,
      "sample_barcode": null,
      "submitter_read_group_id": "2779"
    },
    {
      "file_r1": "COLO-829-BL_ex.bam",
      "file_r2": "COLO-829-BL_ex.bam",
      "insert_size": 298,
      "library_name": "531",
      "is_paired_end": true,
      "platform_unit": "0_8",
      "read_length_r1": 75,
      "read_length_r2": 75,
      "sample_barcode": null,
      "submitter_read_group_id": "2781"
    },
    {
      "file_r1": "COLO-829-BL_ex.bam",
      "file_r2": "COLO-829-BL_ex.bam",
      "insert_size": 298,
      "library_name": "531",
      "is_paired_end": true,
      "platform_unit": "0_4",
      "read_length_r1": 75,
      "read_length_r2": 75,
      "sample_barcode": null,
      "submitter_read_group_id": "2783"
    },
    {
      "file_r1": "COLO-829-BL_ex.bam",
      "file_r2": "COLO-829-BL_ex.bam",
      "insert_size": 298,
      "library_name": "531",
      "is_paired_end": true,
      "platform_unit": "0_1",
      "read_length_r1": 75,
      "read_length_r2": 75,
      "sample_barcode": null,
      "submitter_read_group_id": "2785"
    },
    {
      "file_r1": "COLO-829-BL_ex.bam",
      "file_r2": "COLO-829-BL_ex.bam",
      "insert_size": 298,
      "library_name": "531",
      "is_paired_end": true,
      "platform_unit": "0_3",
      "read_length_r1": 75,
      "read_length_r2": 75,
      "sample_barcode": null,
      "submitter_read_group_id": "2787"
    },
    {
      "file_r1": "COLO-829-BL_ex.bam",
      "file_r2": "COLO-829-BL_ex.bam",
      "insert_size": 298,
      "library_name": "531",
      "is_paired_end": true,
      "platform_unit": "0_2",
      "read_length_r1": 75,
      "read_length_r2": 75,
      "sample_barcode": null,
      "submitter_read_group_id": "2790"
    },
    {
      "file_r1": "COLO-829-BL_ex.bam",
      "file_r2": "COLO-829-BL_ex.bam",
      "insert_size": 298,
      "library_name": "531",
      "is_paired_end": true,
      "platform_unit": "0_5",
      "read_length_r1": 75,
      "read_length_r2": 75,
      "sample_barcode": null,
      "submitter_read_group_id": "2792"
    }
  ],
  "read_group_count": 67
}